// Jest Snapshot v1, https://goo.gl/fbAQLP

exports[`ProfilePage should render details for a single profile 1`] = `
<div>
  <img
    className="profile-icon card-img"
    src="man.svg"
  />
  <h1>
    fowler
  </h1>
  <p>
    i am a guru
  </p>
  <p>
    some description
  </p>
  <div>
    <h2>
      Hard Competencies
    </h2>
    <ul />
  </div>
  <div>
    <h2>
      Soft Competencies
    </h2>
    <ul />
  </div>
</div>
`;
