// Jest Snapshot v1, https://goo.gl/fbAQLP

exports[`ProfilePage should render details for a single profile 1`] = `
<div>
  <img
    className="profile-icon card-img"
    src="man.svg"
  />
  <h1>
    fowler
  </h1>
  <p>
    i am a guru
  </p>
  <p>
    some description
  </p>
  <div>
    <h3>
      Hard Competencies
    </h3>
    <div
      className="recharts-wrapper"
      onMouseEnter={[Function]}
      onMouseLeave={[Function]}
      onMouseMove={[Function]}
      onTouchMove={[Function]}
      style={
        Object {
          "cursor": "default",
          "height": 250,
          "position": "relative",
          "width": 730,
        }
      }
    >
      <svg
        className="recharts-surface"
        height={250}
        style={undefined}
        version="1.1"
        viewBox="0 0 730 250"
        width={730}
      >
        <g
          className="recharts-cartesian-grid"
        />
      </svg>
      <div
        className="recharts-tooltip-wrapper"
        style={
          Object {
            "MozTransform": "translate(undefinedpx, undefinedpx)",
            "OTransform": "translate(undefinedpx, undefinedpx)",
            "WebkitTransform": "translate(undefinedpx, undefinedpx)",
            "msTransform": "translate(undefinedpx, undefinedpx)",
            "pointerEvents": "none",
            "position": "absolute",
            "top": 0,
            "transform": "translate(undefinedpx, undefinedpx)",
            "visibility": "hidden",
          }
        }
      >
        <div
          className="recharts-default-tooltip"
          style={
            Object {
              "backgroundColor": "#fff",
              "border": "1px solid #ccc",
              "margin": 0,
              "padding": 10,
              "whiteSpace": "nowrap",
            }
          }
        >
          <p
            className="recharts-tooltip-label"
            style={
              Object {
                "margin": 0,
              }
            }
          >
            
          </p>
        </div>
      </div>
    </div>
  </div>
  <div>
    <h3>
      Soft Competencies
    </h3>
    <div
      className="recharts-wrapper"
      onMouseEnter={[Function]}
      onMouseLeave={[Function]}
      onMouseMove={[Function]}
      onTouchMove={[Function]}
      style={
        Object {
          "cursor": "default",
          "height": 250,
          "position": "relative",
          "width": 730,
        }
      }
    >
      <svg
        className="recharts-surface"
        height={250}
        style={undefined}
        version="1.1"
        viewBox="0 0 730 250"
        width={730}
      >
        <g
          className="recharts-cartesian-grid"
        />
      </svg>
      <div
        className="recharts-tooltip-wrapper"
        style={
          Object {
            "MozTransform": "translate(undefinedpx, undefinedpx)",
            "OTransform": "translate(undefinedpx, undefinedpx)",
            "WebkitTransform": "translate(undefinedpx, undefinedpx)",
            "msTransform": "translate(undefinedpx, undefinedpx)",
            "pointerEvents": "none",
            "position": "absolute",
            "top": 0,
            "transform": "translate(undefinedpx, undefinedpx)",
            "visibility": "hidden",
          }
        }
      >
        <div
          className="recharts-default-tooltip"
          style={
            Object {
              "backgroundColor": "#fff",
              "border": "1px solid #ccc",
              "margin": 0,
              "padding": 10,
              "whiteSpace": "nowrap",
            }
          }
        >
          <p
            className="recharts-tooltip-label"
            style={
              Object {
                "margin": 0,
              }
            }
          >
            
          </p>
        </div>
      </div>
    </div>
  </div>
</div>
`;
