// Jest Snapshot v1, https://goo.gl/fbAQLP

exports[`ProfilePage should render details for a single profile 1`] = `
<div>
  <img
    className="profile-icon card-img"
    src="man.svg"
  />
  <h1>
    fowler
  </h1>
  <p>
    some description
  </p>
  <p>
    i am a guru
  </p>
  <h2>
    Competencies
  </h2>
  <p>
    a
  </p>
  <p>
    b
  </p>
  <p>
    c
  </p>
</div>
`;
